[env]glog not configured from command line. Using default configuration.
I0915 13:59:25.567540   26753 env.go:770] [env]try /Users/brien/urnetwork/server/local/testdata/config, [settings.yml]
I0915 13:59:25.567876   26753 env.go:770] [env]try /Users/brien/urnetwork/server/local/testdata/config/local, [settings.yml]
I0915 13:59:25.567958   26753 env.go:770] [env]try /Users/brien/urnetwork/site, [settings.yml]
I0915 13:59:25.567990   26753 env.go:67] [env]settings = map[]
=== RUN   TestSendPooledReceiveUnreliableRefusesWithOwnership
--- PASS: TestSendPooledReceiveUnreliableRefusesWithOwnership (0.00s)
=== RUN   TestSendPooledReceiveReliableWaitsThenDelivers
--- PASS: TestSendPooledReceiveReliableWaitsThenDelivers (0.00s)
=== RUN   TestSendPooledReceiveReliableCancellationReturnsOwnership
--- PASS: TestSendPooledReceiveReliableCancellationReturnsOwnership (0.00s)
=== RUN   TestReliableExchangeQueueSaturationPreservesFramedOrder
--- PASS: TestReliableExchangeQueueSaturationPreservesFramedOrder (0.00s)
=== RUN   TestExchangeGenerationRetiresAfterAnyUndeliveredFrame
--- PASS: TestExchangeGenerationRetiresAfterAnyUndeliveredFrame (0.00s)
=== RUN   TestResidentTransportReceiveAdmissionUsesExactLane
--- PASS: TestResidentTransportReceiveAdmissionUsesExactLane (0.00s)
=== RUN   TestProductionSocketReadersDeclareExactReceiveLanes
--- PASS: TestProductionSocketReadersDeclareExactReceiveLanes (0.00s)
=== RUN   TestResidentForwardCallbackRetiresFullIngressWithoutWaiting
--- PASS: TestResidentForwardCallbackRetiresFullIngressWithoutWaiting (0.00s)
=== RUN   TestResidentControlCallbackRefusesAndRetiresFullIngressWithoutWaiting
--- PASS: TestResidentControlCallbackRefusesAndRetiresFullIngressWithoutWaiting (0.01s)
=== RUN   TestResidentClientCallbacksContainOnlyZeroWaitIngressWork
--- PASS: TestResidentClientCallbacksContainOnlyZeroWaitIngressWork (0.03s)
=== RUN   TestResidentContractManagerCanceledLookupReturnsInactive
--- PASS: TestResidentContractManagerCanceledLookupReturnsInactive (0.00s)
=== RUN   TestResidentControllerReturnsDroppedResponseFrameOwnership
I0915 13:59:25.617700   26753 env.go:770] [env]try /Users/brien/urnetwork/server/local/testdata/vault, [pg.yml]
I0915 13:59:25.617852   26753 env.go:770] [env]try /Users/brien/urnetwork/server/local/testdata/vault/local, [pg.yml]
I0915 13:59:25.617948   26753 env.go:770] [env]try /Users/brien/urnetwork/server/local/testdata/vault, [redis.yml]
I0915 13:59:25.618011   26753 env.go:770] [env]try /Users/brien/urnetwork/server/local/testdata/vault/local, [redis.yml]
I0915 13:59:25.618092   26753 env.go:770] [env]try /Users/brien/urnetwork/server/local/testdata/config, [db.yml]
I0915 13:59:25.618142   26753 env.go:770] [env]try /Users/brien/urnetwork/server/local/testdata/config/local, [db.yml]
I0915 13:59:25.618213   26753 env.go:770] [env]try /Users/brien/urnetwork/server/local/testdata/config, [redis.yml]
I0915 13:59:25.618260   26753 env.go:770] [env]try /Users/brien/urnetwork/server/local/testdata/config/local, [redis.yml]
I0915 13:59:25.618798   26753 env.go:705] [env]lookup env var "BRINGYOUR_POSTGRES_HOSTNAME"
I0915 13:59:25.618843   26753 env.go:672] [env]/Users/brien/urnetwork/server/local/testdata/vault/local/pg.yml[authority] = 10***32
I0915 13:59:25.618939   26753 env.go:672] [env]/Users/brien/urnetwork/server/local/testdata/vault/local/pg.yml[user] = br***ur
I0915 13:59:25.619025   26753 env.go:672] [env]/Users/brien/urnetwork/server/local/testdata/vault/local/pg.yml[password] = ur***st
I0915 13:59:25.619111   26753 env.go:672] [env]/Users/brien/urnetwork/server/local/testdata/vault/local/pg.yml[db] = br***ur
I0915 13:59:25.619430   26753 env.go:705] [env]lookup env var "BRINGYOUR_REDIS_HOSTNAME"
I0915 13:59:25.619458   26753 env.go:672] [env]/Users/brien/urnetwork/server/local/testdata/vault/local/redis.yml[authority] = 10***79
I0915 13:59:25.619537   26753 env.go:672] [env]/Users/brien/urnetwork/server/local/testdata/vault/local/redis.yml[password] = ***
I0915 13:59:25.619560   26753 env.go:656] [env]/Users/brien/urnetwork/server/local/testdata/vault/local/redis.yml[db] = 0
I0915 13:59:25.619595   26753 env.go:640] [env]/Users/brien/urnetwork/server/local/testdata/vault/local/redis.yml[cluster] = false
I0915 13:59:25.620909   26753 env.go:656] [env]/Users/brien/urnetwork/server/local/testdata/config/local/db.yml[min_connections] = 4
I0915 13:59:25.620972   26753 env.go:656] [env]/Users/brien/urnetwork/server/local/testdata/config/local/db.yml[max_connections] = 16
I0915 13:59:25.621650   26753 env.go:656] [env]/Users/brien/urnetwork/server/local/testdata/config/local/redis.yml[min_connections] = 4
I0915 13:59:25.621693   26753 env.go:656] [env]/Users/brien/urnetwork/server/local/testdata/config/local/redis.yml[max_connections] = 16
    test_util.go:781: local integration test preflight: postgres preflight failed at 10.213.0.1:5432: authenticate PostgreSQL test connection: failed to connect to `user=bringyour database=bringyour`: 10.213.0.1:5432 (10.213.0.1): failed SASL auth: FATAL: password authentication failed for user "bringyour" (SQLSTATE 28P01); start ./local/run-local.sh
--- FAIL: TestResidentControllerReturnsDroppedResponseFrameOwnership (0.02s)
=== RUN   TestExchangeOutboundBatchFormation
--- PASS: TestExchangeOutboundBatchFormation (0.00s)
=== RUN   TestResidentAdmitsMinimumMessageLenLimit
--- PASS: TestResidentAdmitsMinimumMessageLenLimit (0.00s)
=== RUN   TestResidentNetworkPeerSendFailureReturnsFrameOwnership
--- PASS: TestResidentNetworkPeerSendFailureReturnsFrameOwnership (0.00s)
=== RUN   TestResidentRunJoinsStreamHopListenerCallback
I0915 13:59:25.644596   26753 env.go:770] [env]try /Users/brien/urnetwork/server/local/testdata/vault, [pg.yml]
I0915 13:59:25.644790   26753 env.go:770] [env]try /Users/brien/urnetwork/server/local/testdata/vault/local, [pg.yml]
I0915 13:59:25.644892   26753 env.go:770] [env]try /Users/brien/urnetwork/server/local/testdata/vault, [redis.yml]
I0915 13:59:25.644949   26753 env.go:770] [env]try /Users/brien/urnetwork/server/local/testdata/vault/local, [redis.yml]
I0915 13:59:25.645030   26753 env.go:770] [env]try /Users/brien/urnetwork/server/local/testdata/config, [db.yml]
I0915 13:59:25.645079   26753 env.go:770] [env]try /Users/brien/urnetwork/server/local/testdata/config/local, [db.yml]
I0915 13:59:25.645151   26753 env.go:770] [env]try /Users/brien/urnetwork/server/local/testdata/config, [redis.yml]
I0915 13:59:25.645197   26753 env.go:770] [env]try /Users/brien/urnetwork/server/local/testdata/config/local, [redis.yml]
I0915 13:59:25.645588   26753 env.go:705] [env]lookup env var "BRINGYOUR_POSTGRES_HOSTNAME"
I0915 13:59:25.645611   26753 env.go:672] [env]/Users/brien/urnetwork/server/local/testdata/vault/local/pg.yml[authority] = 10***32
I0915 13:59:25.645704   26753 env.go:672] [env]/Users/brien/urnetwork/server/local/testdata/vault/local/pg.yml[user] = br***ur
I0915 13:59:25.645790   26753 env.go:672] [env]/Users/brien/urnetwork/server/local/testdata/vault/local/pg.yml[password] = ur***st
I0915 13:59:25.645874   26753 env.go:672] [env]/Users/brien/urnetwork/server/local/testdata/vault/local/pg.yml[db] = br***ur
I0915 13:59:25.646149   26753 env.go:705] [env]lookup env var "BRINGYOUR_REDIS_HOSTNAME"
I0915 13:59:25.646175   26753 env.go:672] [env]/Users/brien/urnetwork/server/local/testdata/vault/local/redis.yml[authority] = 10***79
I0915 13:59:25.646249   26753 env.go:672] [env]/Users/brien/urnetwork/server/local/testdata/vault/local/redis.yml[password] = ***
I0915 13:59:25.646264   26753 env.go:656] [env]/Users/brien/urnetwork/server/local/testdata/vault/local/redis.yml[db] = 0
I0915 13:59:25.646279   26753 env.go:640] [env]/Users/brien/urnetwork/server/local/testdata/vault/local/redis.yml[cluster] = false
I0915 13:59:25.646586   26753 env.go:656] [env]/Users/brien/urnetwork/server/local/testdata/config/local/db.yml[min_connections] = 4
I0915 13:59:25.646634   26753 env.go:656] [env]/Users/brien/urnetwork/server/local/testdata/config/local/db.yml[max_connections] = 16
I0915 13:59:25.646955   26753 env.go:656] [env]/Users/brien/urnetwork/server/local/testdata/config/local/redis.yml[min_connections] = 4
I0915 13:59:25.646974   26753 env.go:656] [env]/Users/brien/urnetwork/server/local/testdata/config/local/redis.yml[max_connections] = 16
    test_util.go:781: local integration test preflight: postgres preflight failed at 10.213.0.1:5432: authenticate PostgreSQL test connection: failed to connect to `user=bringyour database=bringyour`: 10.213.0.1:5432 (10.213.0.1): failed SASL auth: FATAL: password authentication failed for user "bringyour" (SQLSTATE 28P01); start ./local/run-local.sh
--- FAIL: TestResidentRunJoinsStreamHopListenerCallback (0.02s)
=== RUN   TestResidentTransportCloseDrainsQueuedSendOwnership
--- PASS: TestResidentTransportCloseDrainsQueuedSendOwnership (0.00s)
=== RUN   TestResidentCloseJoinsDelayedProducer
--- PASS: TestResidentCloseJoinsDelayedProducer (0.00s)
=== RUN   TestResidentForwardIngressStartsLazilyWithStableCapacity
--- PASS: TestResidentForwardIngressStartsLazilyWithStableCapacity (0.00s)
=== RUN   TestResidentForwardIngressWorkerRegistrationIsJoinedByClose
--- PASS: TestResidentForwardIngressWorkerRegistrationIsJoinedByClose (0.00s)
=== RUN   TestResidentCloseAndWaitDrainsLateCallbackOwners
--- PASS: TestResidentCloseAndWaitDrainsLateCallbackOwners (0.00s)
=== RUN   TestResidentAddForwardCloseJoinsConsumerAndDrainsQueue
--- PASS: TestResidentAddForwardCloseJoinsConsumerAndDrainsQueue (0.00s)
=== RUN   TestExchangeHeaderUnreliableTransferGobCompatibility
--- PASS: TestExchangeHeaderUnreliableTransferGobCompatibility (0.00s)
=== RUN   TestResidentTransportConstructorCarriesTransferProperties
--- PASS: TestResidentTransportConstructorCarriesTransferProperties (0.00s)
=== RUN   TestResidentUnreliableTransportPublishesTransferFlightPolicy
--- PASS: TestResidentUnreliableTransportPublishesTransferFlightPolicy (0.00s)
=== RUN   TestConnectH1ReadyDrainBalancesAcksAndPayloadBytes
--- PASS: TestConnectH1ReadyDrainBalancesAcksAndPayloadBytes (0.00s)
=== RUN   TestConnectH1UserReadyBatchBoundsDrainAndPreservesFifo
--- PASS: TestConnectH1UserReadyBatchBoundsDrainAndPreservesFifo (0.00s)
=== RUN   TestConnectH1UserReadyBatchUnwrappedFallbackStaysSingleton
--- PASS: TestConnectH1UserReadyBatchUnwrappedFallbackStaysSingleton (0.00s)
=== RUN   TestConnectH1WriteBatchForConnRejectsTypedNil
--- PASS: TestConnectH1WriteBatchForConnRejectsTypedNil (0.00s)
=== RUN   TestConnectH1UserReadyBatchFlushErrorReturnsOwnership
--- PASS: TestConnectH1UserReadyBatchFlushErrorReturnsOwnership (0.00s)
=== RUN   TestConnectH1UserReadyBatchFrameErrorReturnsOwnership
--- PASS: TestConnectH1UserReadyBatchFrameErrorReturnsOwnership (0.00s)
=== RUN   TestConnectH1WorkersJoinHeldReadyBatchOwnership
--- PASS: TestConnectH1WorkersJoinHeldReadyBatchOwnership (0.00s)
=== RUN   TestConnectH1BatchResponseWriterPassesThroughUpgradeWrites
--- PASS: TestConnectH1BatchResponseWriterPassesThroughUpgradeWrites (0.00s)
=== RUN   TestConnectH3InitialDatagramPathByteCountUsesQuicLimit
--- PASS: TestConnectH3InitialDatagramPathByteCountUsesQuicLimit (0.00s)
=== RUN   TestConnectH3TransferCarrierEnablesBoundedAckReserve
--- PASS: TestConnectH3TransferCarrierEnablesBoundedAckReserve (0.00s)
FAIL
