=== RUN   TestWindowPacingColdRefillKeepsSupportedPacing
--- PASS: TestWindowPacingColdRefillKeepsSupportedPacing (0.01s)
=== RUN   TestWindowPacingColdPreofferedTrainKeepsSlowPacing
--- PASS: TestWindowPacingColdPreofferedTrainKeepsSlowPacing (0.00s)
=== RUN   TestWindowPacingColdRefillFreshSlowPairLowersPacing
--- PASS: TestWindowPacingColdRefillFreshSlowPairLowersPacing (0.00s)
=== RUN   TestWindowPacingColdRefillFreshFasterPairMeasuresService
--- PASS: TestWindowPacingColdRefillFreshFasterPairMeasuresService (0.00s)
=== RUN   TestWindowPacingColdContiguousRefillKeepsPair
--- PASS: TestWindowPacingColdContiguousRefillKeepsPair (0.00s)
=== RUN   TestWindowPacingReceiverEarlyIngressHeadCannotRetimePrefix
--- PASS: TestWindowPacingReceiverEarlyIngressHeadCannotRetimePrefix (0.00s)
=== RUN   TestWindowPacingReceiverEarlyIngressSackKeepsPrefixRaw
--- PASS: TestWindowPacingReceiverEarlyIngressSackKeepsPrefixRaw (0.00s)
=== RUN   TestWindowPacingReceiverOrderedIngressPrefixControl
--- PASS: TestWindowPacingReceiverOrderedIngressPrefixControl (0.00s)
=== RUN   TestWindowPacingReceiverPrefixZeroWaitKeepsRawClock
--- PASS: TestWindowPacingReceiverPrefixZeroWaitKeepsRawClock (0.00s)
=== RUN   TestWindowPacingReceiverSackedPrefixKeepsNewHeadTiming
--- PASS: TestWindowPacingReceiverSackedPrefixKeepsNewHeadTiming (0.00s)
=== RUN   TestWindowPacingReceiverRelayReorderCannotBorrowLocalFifo
--- PASS: TestWindowPacingReceiverRelayReorderCannotBorrowLocalFifo (0.00s)
=== RUN   TestWindowPacingSdkColdReceiverWaitKeepsPrefixBounded
--- PASS: TestWindowPacingSdkColdReceiverWaitKeepsPrefixBounded (0.00s)
=== RUN   TestWindowPacingSdkColdLegacyTrainKeepsCompressionBound
--- PASS: TestWindowPacingSdkColdLegacyTrainKeepsCompressionBound (0.00s)
=== RUN   TestWindowPacingSdkColdEqualWaitsDiscoverSlowService
--- PASS: TestWindowPacingSdkColdEqualWaitsDiscoverSlowService (0.00s)
=== RUN   TestWindowPacingSdkColdDrainedPrefixKeepsRawClocks
--- PASS: TestWindowPacingSdkColdDrainedPrefixKeepsRawClocks (0.00s)
=== RUN   TestWindowPacingSdkColdOneCumulativeReplyStaysUnmeasured
--- PASS: TestWindowPacingSdkColdOneCumulativeReplyStaysUnmeasured (0.00s)
=== RUN   TestWindowPacingSdkColdBufferedReaderKeepsCapacityUnproved
    transfer_window_pacing_carrier_buffer_test.go:336: pacing-carrier-buffer stall=true evidence={physicalRate:12500000 priorRate:0 serviceRate:0 pacingRate:147928994 initialBurst:1479289 resultBurst:1479289 physicalBytes:49358 physicalSpan:3948640 offerSpan:230000 maxQueued:0 maxCarrierQueued:24 ackCount:25 logicalCredit:51504 physicalCopies:24 applicationByte:51200}
    transfer_window_pacing_carrier_buffer_test.go:336: pacing-carrier-buffer stall=true evidence={physicalRate:12500000 priorRate:0 serviceRate:0 pacingRate:147928994 initialBurst:1479289 resultBurst:1479289 physicalBytes:49358 physicalSpan:3948640 offerSpan:230000 maxQueued:0 maxCarrierQueued:24 ackCount:25 logicalCredit:51504 physicalCopies:24 applicationByte:51200}
--- PASS: TestWindowPacingSdkColdBufferedReaderKeepsCapacityUnproved (0.03s)
=== RUN   TestWindowPacingSdkColdUnqueuedReaderMeasuresCapacity
    transfer_window_pacing_carrier_buffer_test.go:336: pacing-carrier-buffer stall=false evidence={physicalRate:12500000 priorRate:0 serviceRate:12500000 pacingRate:13750000 initialBurst:1479289 resultBurst:125000 physicalBytes:49358 physicalSpan:3948640 offerSpan:230000 maxQueued:0 maxCarrierQueued:0 ackCount:25 logicalCredit:51504 physicalCopies:24 applicationByte:51200}
--- PASS: TestWindowPacingSdkColdUnqueuedReaderMeasuresCapacity (0.01s)
=== RUN   TestWindowPacingSdkColdSingleHeadWaitMeasuresShortSerialization
--- PASS: TestWindowPacingSdkColdSingleHeadWaitMeasuresShortSerialization (0.00s)
=== RUN   TestWindowPacingColdQueuedTimingDoesNotInventDelivery
--- PASS: TestWindowPacingColdQueuedTimingDoesNotInventDelivery (0.00s)
=== RUN   TestWindowPacingColdRefillKeepsSupportedPacing
--- PASS: TestWindowPacingColdRefillKeepsSupportedPacing (0.00s)
=== RUN   TestWindowPacingColdPreofferedTrainKeepsSlowPacing
--- PASS: TestWindowPacingColdPreofferedTrainKeepsSlowPacing (0.00s)
=== RUN   TestWindowPacingColdRefillFreshSlowPairLowersPacing
--- PASS: TestWindowPacingColdRefillFreshSlowPairLowersPacing (0.00s)
=== RUN   TestWindowPacingColdRefillFreshFasterPairMeasuresService
--- PASS: TestWindowPacingColdRefillFreshFasterPairMeasuresService (0.00s)
=== RUN   TestWindowPacingColdContiguousRefillKeepsPair
--- PASS: TestWindowPacingColdContiguousRefillKeepsPair (0.00s)
=== RUN   TestWindowPacingReceiverEarlyIngressHeadCannotRetimePrefix
--- PASS: TestWindowPacingReceiverEarlyIngressHeadCannotRetimePrefix (0.00s)
=== RUN   TestWindowPacingReceiverEarlyIngressSackKeepsPrefixRaw
--- PASS: TestWindowPacingReceiverEarlyIngressSackKeepsPrefixRaw (0.00s)
=== RUN   TestWindowPacingReceiverOrderedIngressPrefixControl
--- PASS: TestWindowPacingReceiverOrderedIngressPrefixControl (0.00s)
=== RUN   TestWindowPacingReceiverPrefixZeroWaitKeepsRawClock
--- PASS: TestWindowPacingReceiverPrefixZeroWaitKeepsRawClock (0.00s)
=== RUN   TestWindowPacingReceiverSackedPrefixKeepsNewHeadTiming
--- PASS: TestWindowPacingReceiverSackedPrefixKeepsNewHeadTiming (0.00s)
=== RUN   TestWindowPacingReceiverRelayReorderCannotBorrowLocalFifo
--- PASS: TestWindowPacingReceiverRelayReorderCannotBorrowLocalFifo (0.00s)
=== RUN   TestWindowPacingSdkColdReceiverWaitKeepsPrefixBounded
--- PASS: TestWindowPacingSdkColdReceiverWaitKeepsPrefixBounded (0.00s)
=== RUN   TestWindowPacingSdkColdLegacyTrainKeepsCompressionBound
--- PASS: TestWindowPacingSdkColdLegacyTrainKeepsCompressionBound (0.00s)
=== RUN   TestWindowPacingSdkColdEqualWaitsDiscoverSlowService
--- PASS: TestWindowPacingSdkColdEqualWaitsDiscoverSlowService (0.00s)
=== RUN   TestWindowPacingSdkColdDrainedPrefixKeepsRawClocks
--- PASS: TestWindowPacingSdkColdDrainedPrefixKeepsRawClocks (0.00s)
=== RUN   TestWindowPacingSdkColdOneCumulativeReplyStaysUnmeasured
--- PASS: TestWindowPacingSdkColdOneCumulativeReplyStaysUnmeasured (0.00s)
=== RUN   TestWindowPacingSdkColdBufferedReaderKeepsCapacityUnproved
    transfer_window_pacing_carrier_buffer_test.go:336: pacing-carrier-buffer stall=true evidence={physicalRate:12500000 priorRate:0 serviceRate:0 pacingRate:147928994 initialBurst:1479289 resultBurst:1479289 physicalBytes:49358 physicalSpan:3948640 offerSpan:230000 maxQueued:0 maxCarrierQueued:24 ackCount:25 logicalCredit:51504 physicalCopies:24 applicationByte:51200}
    transfer_window_pacing_carrier_buffer_test.go:336: pacing-carrier-buffer stall=true evidence={physicalRate:12500000 priorRate:0 serviceRate:0 pacingRate:147928994 initialBurst:1479289 resultBurst:1479289 physicalBytes:49358 physicalSpan:3948640 offerSpan:230000 maxQueued:0 maxCarrierQueued:24 ackCount:25 logicalCredit:51504 physicalCopies:24 applicationByte:51200}
--- PASS: TestWindowPacingSdkColdBufferedReaderKeepsCapacityUnproved (0.02s)
=== RUN   TestWindowPacingSdkColdUnqueuedReaderMeasuresCapacity
    transfer_window_pacing_carrier_buffer_test.go:336: pacing-carrier-buffer stall=false evidence={physicalRate:12500000 priorRate:0 serviceRate:12500000 pacingRate:13750000 initialBurst:1479289 resultBurst:125000 physicalBytes:49358 physicalSpan:3948640 offerSpan:230000 maxQueued:0 maxCarrierQueued:0 ackCount:25 logicalCredit:51504 physicalCopies:24 applicationByte:51200}
--- PASS: TestWindowPacingSdkColdUnqueuedReaderMeasuresCapacity (0.01s)
=== RUN   TestWindowPacingSdkColdSingleHeadWaitMeasuresShortSerialization
--- PASS: TestWindowPacingSdkColdSingleHeadWaitMeasuresShortSerialization (0.00s)
=== RUN   TestWindowPacingColdQueuedTimingDoesNotInventDelivery
--- PASS: TestWindowPacingColdQueuedTimingDoesNotInventDelivery (0.00s)
=== RUN   TestWindowPacingColdRefillKeepsSupportedPacing
--- PASS: TestWindowPacingColdRefillKeepsSupportedPacing (0.00s)
=== RUN   TestWindowPacingColdPreofferedTrainKeepsSlowPacing
--- PASS: TestWindowPacingColdPreofferedTrainKeepsSlowPacing (0.00s)
=== RUN   TestWindowPacingColdRefillFreshSlowPairLowersPacing
--- PASS: TestWindowPacingColdRefillFreshSlowPairLowersPacing (0.00s)
=== RUN   TestWindowPacingColdRefillFreshFasterPairMeasuresService
--- PASS: TestWindowPacingColdRefillFreshFasterPairMeasuresService (0.00s)
=== RUN   TestWindowPacingColdContiguousRefillKeepsPair
--- PASS: TestWindowPacingColdContiguousRefillKeepsPair (0.00s)
=== RUN   TestWindowPacingReceiverEarlyIngressHeadCannotRetimePrefix
--- PASS: TestWindowPacingReceiverEarlyIngressHeadCannotRetimePrefix (0.00s)
=== RUN   TestWindowPacingReceiverEarlyIngressSackKeepsPrefixRaw
--- PASS: TestWindowPacingReceiverEarlyIngressSackKeepsPrefixRaw (0.00s)
=== RUN   TestWindowPacingReceiverOrderedIngressPrefixControl
--- PASS: TestWindowPacingReceiverOrderedIngressPrefixControl (0.00s)
=== RUN   TestWindowPacingReceiverPrefixZeroWaitKeepsRawClock
--- PASS: TestWindowPacingReceiverPrefixZeroWaitKeepsRawClock (0.00s)
=== RUN   TestWindowPacingReceiverSackedPrefixKeepsNewHeadTiming
--- PASS: TestWindowPacingReceiverSackedPrefixKeepsNewHeadTiming (0.00s)
=== RUN   TestWindowPacingReceiverRelayReorderCannotBorrowLocalFifo
--- PASS: TestWindowPacingReceiverRelayReorderCannotBorrowLocalFifo (0.00s)
=== RUN   TestWindowPacingSdkColdReceiverWaitKeepsPrefixBounded
--- PASS: TestWindowPacingSdkColdReceiverWaitKeepsPrefixBounded (0.00s)
=== RUN   TestWindowPacingSdkColdLegacyTrainKeepsCompressionBound
--- PASS: TestWindowPacingSdkColdLegacyTrainKeepsCompressionBound (0.00s)
=== RUN   TestWindowPacingSdkColdEqualWaitsDiscoverSlowService
--- PASS: TestWindowPacingSdkColdEqualWaitsDiscoverSlowService (0.00s)
=== RUN   TestWindowPacingSdkColdDrainedPrefixKeepsRawClocks
--- PASS: TestWindowPacingSdkColdDrainedPrefixKeepsRawClocks (0.00s)
=== RUN   TestWindowPacingSdkColdOneCumulativeReplyStaysUnmeasured
--- PASS: TestWindowPacingSdkColdOneCumulativeReplyStaysUnmeasured (0.00s)
=== RUN   TestWindowPacingSdkColdBufferedReaderKeepsCapacityUnproved
    transfer_window_pacing_carrier_buffer_test.go:336: pacing-carrier-buffer stall=true evidence={physicalRate:12500000 priorRate:0 serviceRate:0 pacingRate:147928994 initialBurst:1479289 resultBurst:1479289 physicalBytes:49358 physicalSpan:3948640 offerSpan:230000 maxQueued:0 maxCarrierQueued:24 ackCount:25 logicalCredit:51504 physicalCopies:24 applicationByte:51200}
    transfer_window_pacing_carrier_buffer_test.go:336: pacing-carrier-buffer stall=true evidence={physicalRate:12500000 priorRate:0 serviceRate:0 pacingRate:147928994 initialBurst:1479289 resultBurst:1479289 physicalBytes:49358 physicalSpan:3948640 offerSpan:230000 maxQueued:0 maxCarrierQueued:24 ackCount:25 logicalCredit:51504 physicalCopies:24 applicationByte:51200}
--- PASS: TestWindowPacingSdkColdBufferedReaderKeepsCapacityUnproved (0.02s)
=== RUN   TestWindowPacingSdkColdUnqueuedReaderMeasuresCapacity
    transfer_window_pacing_carrier_buffer_test.go:336: pacing-carrier-buffer stall=false evidence={physicalRate:12500000 priorRate:0 serviceRate:12500000 pacingRate:13750000 initialBurst:1479289 resultBurst:125000 physicalBytes:49358 physicalSpan:3948640 offerSpan:230000 maxQueued:0 maxCarrierQueued:0 ackCount:25 logicalCredit:51504 physicalCopies:24 applicationByte:51200}
--- PASS: TestWindowPacingSdkColdUnqueuedReaderMeasuresCapacity (0.01s)
=== RUN   TestWindowPacingSdkColdSingleHeadWaitMeasuresShortSerialization
--- PASS: TestWindowPacingSdkColdSingleHeadWaitMeasuresShortSerialization (0.00s)
=== RUN   TestWindowPacingColdQueuedTimingDoesNotInventDelivery
--- PASS: TestWindowPacingColdQueuedTimingDoesNotInventDelivery (0.00s)
PASS
