=== RUN   TestLandingStructsMatchMergedLessTheDeferState
--- PASS: TestLandingStructsMatchMergedLessTheDeferState (0.00s)
=== RUN   TestDecodedTransferFramePoolRetainedSizeStaysSmall
    frame_protobuf_test.go:1591: decoded TransferFrame owner=672 bytes; exact pool ceiling=172032 bytes
    frame_protobuf_test.go:1600: compact receive ACK=104 bytes
--- PASS: TestDecodedTransferFramePoolRetainedSizeStaysSmall (0.00s)
=== RUN   TestAckCompressionStaysUnderTheRetransmissionFloor
    ip_tcp_ack_compression_floor_test.go:77: compression timeout 50ms against tcp.MinRTO 200ms, the fleet floor 200ms, and our tun's floor 0s
--- PASS: TestAckCompressionStaysUnderTheRetransmissionFloor (0.00s)
=== RUN   TestAckCompressionIsTheOnlyClockBelowHalfAWindowRung
    ip_tcp_ack_starvation_test.go:123: 104 segments of 1400 bytes over 604.422916ms drew 53 acknowledgements, one per 11.404205ms, against a 50ms compression timer and a 1048576 byte rung whose half was never reached
--- PASS: TestAckCompressionIsTheOnlyClockBelowHalfAWindowRung (0.61s)
=== RUN   TestTcpReturnRecoversLostMiddleAfterTransferDelivery
--- PASS: TestTcpReturnRecoversLostMiddleAfterTransferDelivery (0.00s)
=== RUN   TestTcpReturnRecoversLostTailWithoutLaterData
--- PASS: TestTcpReturnRecoversLostTailWithoutLaterData (0.00s)
=== RUN   TestTcpReturnRecoveryCrossesSequenceWrap
--- PASS: TestTcpReturnRecoveryCrossesSequenceWrap (0.00s)
=== RUN   TestTcpReturnKeepsRecoveryAfterOriginEof
--- PASS: TestTcpReturnKeepsRecoveryAfterOriginEof (0.00s)
=== RUN   TestTcpReturnHealthyPathDoesNotReplay
--- PASS: TestTcpReturnHealthyPathDoesNotReplay (0.00s)
=== RUN   TestTcpReturnRecoveryIpv6
--- PASS: TestTcpReturnRecoveryIpv6 (0.00s)
=== RUN   TestTcpReturnCacheSharesAnExactBudgetAcrossFlows
--- PASS: TestTcpReturnCacheSharesAnExactBudgetAcrossFlows (0.00s)
=== RUN   TestTcpReturnCacheCancellationReleasesAWaiter
--- PASS: TestTcpReturnCacheCancellationReleasesAWaiter (0.00s)
=== RUN   TestTcpReturnCacheSkipsAlreadyAcknowledgedReadAhead
--- PASS: TestTcpReturnCacheSkipsAlreadyAcknowledgedReadAhead (0.00s)
=== RUN   TestTcpSequenceCancelBeforeWritePublicationReturnsPacket
--- PASS: TestTcpSequenceCancelBeforeWritePublicationReturnsPacket (0.00s)
=== RUN   TestEvictionAcknowledgementsFitEveryCarrier
--- PASS: TestEvictionAcknowledgementsFitEveryCarrier (0.00s)
=== RUN   TestAckResponsesKeepOrderedOverflow
--- PASS: TestAckResponsesKeepOrderedOverflow (0.10s)
=== RUN   TestAckOverflowDoesNotAddCompressionIntervals
--- PASS: TestAckOverflowDoesNotAddCompressionIntervals (0.01s)
=== RUN   TestAckWorkerBoundsEveryResponseAndFinalDrain
--- PASS: TestAckWorkerBoundsEveryResponseAndFinalDrain (0.01s)
=== RUN   TestAckCompressionEnforcesItsOwnResponseCountLimit
--- PASS: TestAckCompressionEnforcesItsOwnResponseCountLimit (0.00s)
=== RUN   TestAckCompressionHeadDrainDoesNotAllocate
--- PASS: TestAckCompressionHeadDrainDoesNotAllocate (0.00s)
=== RUN   TestAckCompressionOneHeadThenOldestSacksAboveHead
--- PASS: TestAckCompressionOneHeadThenOldestSacksAboveHead (0.00s)
=== RUN   TestAckCompressionAdvancingHeadAbsorbsUnsentSacks
--- PASS: TestAckCompressionAdvancingHeadAbsorbsUnsentSacks (0.00s)
=== RUN   TestAckCompressionPacesSacksAtCompressionDeadlines
--- PASS: TestAckCompressionPacesSacksAtCompressionDeadlines (0.00s)
=== RUN   TestAckCompressionPacesEvictionOnlyHeadCarriers
--- PASS: TestAckCompressionPacesEvictionOnlyHeadCarriers (0.00s)
=== RUN   TestAckCompressionEvictionAfterSackRepeatsTheHead
--- PASS: TestAckCompressionEvictionAfterSackRepeatsTheHead (0.00s)
=== RUN   TestAckCompressionWireHasOneHeadAndBoundedOldestSacks
--- PASS: TestAckCompressionWireHasOneHeadAndBoundedOldestSacks (0.00s)
=== RUN   TestSequenceAckWindowCoalescesReusableNotification
--- PASS: TestSequenceAckWindowCoalescesReusableNotification (0.00s)
=== RUN   TestSequenceAckWindowSteadyStateDoesNotAllocate
--- PASS: TestSequenceAckWindowSteadyStateDoesNotAllocate (0.00s)
=== RUN   TestSequenceAckWindowPendingDoesNotCloneSelectiveAcks
--- PASS: TestSequenceAckWindowPendingDoesNotCloneSelectiveAcks (0.00s)
=== RUN   TestSequenceAckWindowDueDispositionIgnoresUnrelatedProgress
--- PASS: TestSequenceAckWindowDueDispositionIgnoresUnrelatedProgress (0.00s)
=== RUN   TestSequenceAckWindowPreservesCompactRecoveryCapability
--- PASS: TestSequenceAckWindowPreservesCompactRecoveryCapability (0.00s)
=== RUN   TestSequenceAckWindowTracksCarrierOfLatestAckTrigger
--- PASS: TestSequenceAckWindowTracksCarrierOfLatestAckTrigger (0.00s)
=== RUN   TestResendCapacityReleaseWakesAdmissionImmediately
--- PASS: TestResendCapacityReleaseWakesAdmissionImmediately (0.00s)
=== RUN   TestSequenceAckWindowGapWakeOncePerHead
--- PASS: TestSequenceAckWindowGapWakeOncePerHead (0.00s)
=== RUN   TestSequenceAckWindowGapWakeDisabled
--- PASS: TestSequenceAckWindowGapWakeDisabled (0.00s)
=== RUN   TestSequenceAckWindowGapWakeSteadyStateDoesNotAllocate
--- PASS: TestSequenceAckWindowGapWakeSteadyStateDoesNotAllocate (0.00s)
=== RUN   TestGapWakeRepairsTheFirstCumulativeHead
--- PASS: TestGapWakeRepairsTheFirstCumulativeHead (0.00s)
=== RUN   TestGapWakeDoesNotReproveTheSameHeadEverySnapshot
--- PASS: TestGapWakeDoesNotReproveTheSameHeadEverySnapshot (0.00s)
=== RUN   TestGapWakeCountsEvidenceAcrossSnapshots
--- PASS: TestGapWakeCountsEvidenceAcrossSnapshots (0.00s)
=== RUN   TestGapWakeWorkerCompressesRepeatedProof
--- PASS: TestGapWakeWorkerCompressesRepeatedProof (0.00s)
=== RUN   TestWindowPacingRoundTripExcludesLocalWriteWait
--- PASS: TestWindowPacingRoundTripExcludesLocalWriteWait (0.00s)
=== RUN   TestWindowPacingAmbiguousDeliveryCannotSetRelayRoundTrip
--- PASS: TestWindowPacingAmbiguousDeliveryCannotSetRelayRoundTrip (0.00s)
=== RUN   TestWindowMismatchUnbudgetedSenderRespectsKnownLimits
--- PASS: TestWindowMismatchUnbudgetedSenderRespectsKnownLimits (0.00s)
=== RUN   TestWindowMismatchZeroHoldKeepsOneItemProgress
--- PASS: TestWindowMismatchZeroHoldKeepsOneItemProgress (0.00s)
=== RUN   TestWindowMismatchLargeTargetCannotWrapItsBounds
--- PASS: TestWindowMismatchLargeTargetCannotWrapItsBounds (0.00s)
=== RUN   TestWindowDeliveryContractLeadDoesNotOverflow
--- PASS: TestWindowDeliveryContractLeadDoesNotOverflow (0.00s)
=== RUN   TestWindowPacingLocalHistoryRetainsStableFeedbackSpan
--- PASS: TestWindowPacingLocalHistoryRetainsStableFeedbackSpan (0.00s)
=== RUN   TestWindowMismatchCapacityIncreaseStartsFreshDeliveryEvidence
--- PASS: TestWindowMismatchCapacityIncreaseStartsFreshDeliveryEvidence (0.00s)
=== RUN   TestWindowPacingQueueEstimateDoesNotIncludeWindowLimitedIdle
--- PASS: TestWindowPacingQueueEstimateDoesNotIncludeWindowLimitedIdle (0.00s)
=== RUN   TestWindowMismatchRespectsBothEndpoints
    transfer_window_mismatch_test.go:15: case: send=65536/receive=65536
    transfer_window_mismatch_test.go:15: case: send=65536/receive=262144
    transfer_window_mismatch_test.go:15: case: send=65536/receive=2097152
    transfer_window_mismatch_test.go:15: case: send=65536/receive=50331648
    transfer_window_mismatch_test.go:15: case: send=262144/receive=65536
    transfer_window_mismatch_test.go:15: case: send=262144/receive=262144
    transfer_window_mismatch_test.go:15: case: send=262144/receive=2097152
    transfer_window_mismatch_test.go:15: case: send=262144/receive=50331648
    transfer_window_mismatch_test.go:15: case: send=2097152/receive=65536
    transfer_window_mismatch_test.go:15: case: send=2097152/receive=262144
    transfer_window_mismatch_test.go:15: case: send=2097152/receive=2097152
    transfer_window_mismatch_test.go:15: case: send=2097152/receive=50331648
    transfer_window_mismatch_test.go:15: case: send=50331648/receive=65536
    transfer_window_mismatch_test.go:15: case: send=50331648/receive=262144
    transfer_window_mismatch_test.go:15: case: send=50331648/receive=2097152
    transfer_window_mismatch_test.go:15: case: send=50331648/receive=50331648
--- PASS: TestWindowMismatchRespectsBothEndpoints (0.01s)
=== RUN   TestWindowPacingSlowServiceDeferralNeedsFreshProgress
--- PASS: TestWindowPacingSlowServiceDeferralNeedsFreshProgress (0.00s)
=== RUN   TestWindowPacingServiceByteEnvelope
    transfer_window_pacing_test.go:69: case: rate=125000/sizes=[64]
    transfer_window_pacing_test.go:69: case: rate=125000/sizes=[1280]
    transfer_window_pacing_test.go:69: case: rate=125000/sizes=[8192]
    transfer_window_pacing_test.go:69: case: rate=125000/sizes=[65536]
    transfer_window_pacing_test.go:69: case: rate=125000/sizes=[64 1280 8192 65536]
    transfer_window_pacing_test.go:69: case: rate=1250000/sizes=[64]
    transfer_window_pacing_test.go:69: case: rate=1250000/sizes=[1280]
    transfer_window_pacing_test.go:69: case: rate=1250000/sizes=[8192]
    transfer_window_pacing_test.go:69: case: rate=1250000/sizes=[65536]
    transfer_window_pacing_test.go:69: case: rate=1250000/sizes=[64 1280 8192 65536]
    transfer_window_pacing_test.go:69: case: rate=12500000/sizes=[64]
    transfer_window_pacing_test.go:69: case: rate=12500000/sizes=[1280]
    transfer_window_pacing_test.go:69: case: rate=12500000/sizes=[8192]
    transfer_window_pacing_test.go:69: case: rate=12500000/sizes=[65536]
    transfer_window_pacing_test.go:69: case: rate=12500000/sizes=[64 1280 8192 65536]
    transfer_window_pacing_test.go:69: case: rate=125000000/sizes=[64]
    transfer_window_pacing_test.go:69: case: rate=125000000/sizes=[1280]
    transfer_window_pacing_test.go:69: case: rate=125000000/sizes=[8192]
    transfer_window_pacing_test.go:69: case: rate=125000000/sizes=[65536]
    transfer_window_pacing_test.go:69: case: rate=125000000/sizes=[64 1280 8192 65536]
    transfer_window_pacing_test.go:69: case: rate=137500000/sizes=[64]
    transfer_window_pacing_test.go:69: case: rate=137500000/sizes=[1280]
    transfer_window_pacing_test.go:69: case: rate=137500000/sizes=[8192]
    transfer_window_pacing_test.go:69: case: rate=137500000/sizes=[65536]
    transfer_window_pacing_test.go:69: case: rate=137500000/sizes=[64 1280 8192 65536]
--- PASS: TestWindowPacingServiceByteEnvelope (0.01s)
=== RUN   TestWindowPacingServiceChangesPreserveDebt
    transfer_window_pacing_test.go:107: case: down
    transfer_window_pacing_test.go:107: case: up
    transfer_window_pacing_test.go:107: case: small-step
--- PASS: TestWindowPacingServiceChangesPreserveDebt (0.00s)
=== RUN   TestWindowPacingProbeBoundaryIdleAndIndependentSequences
--- PASS: TestWindowPacingProbeBoundaryIdleAndIndependentSequences (0.00s)
=== RUN   TestWindowPacingCanceledSmallWrite
--- PASS: TestWindowPacingCanceledSmallWrite (0.00s)
=== RUN   TestWindowPacingCancellationDuringProbe
--- PASS: TestWindowPacingCancellationDuringProbe (0.00s)
=== RUN   TestWindowPacingServiceMeasurementAcrossAckCompression
    transfer_window_pacing_test.go:208: case: rate=125000/compression=1ms
    transfer_window_pacing_test.go:208: case: rate=125000/compression=10ms
    transfer_window_pacing_test.go:208: case: rate=125000/compression=50ms
    transfer_window_pacing_test.go:208: case: rate=1250000/compression=1ms
    transfer_window_pacing_test.go:208: case: rate=1250000/compression=10ms
    transfer_window_pacing_test.go:208: case: rate=1250000/compression=50ms
    transfer_window_pacing_test.go:208: case: rate=12500000/compression=1ms
    transfer_window_pacing_test.go:208: case: rate=12500000/compression=10ms
    transfer_window_pacing_test.go:208: case: rate=12500000/compression=50ms
    transfer_window_pacing_test.go:208: case: rate=125000000/compression=1ms
    transfer_window_pacing_test.go:208: case: rate=125000000/compression=10ms
    transfer_window_pacing_test.go:208: case: rate=125000000/compression=50ms
--- PASS: TestWindowPacingServiceMeasurementAcrossAckCompression (0.00s)
=== RUN   TestWindowPacingRateBoundsAndHandshake
    transfer_window_pacing_test.go:241: case: unknown
    transfer_window_pacing_test.go:241: case: handshake
    transfer_window_pacing_test.go:241: case: slow
    transfer_window_pacing_test.go:241: case: target
    transfer_window_pacing_test.go:241: case: tiny
    transfer_window_pacing_test.go:241: case: overflow
--- PASS: TestWindowPacingRateBoundsAndHandshake (0.00s)
=== RUN   TestWindowPacingServiceUsesAckArrival
--- PASS: TestWindowPacingServiceUsesAckArrival (0.00s)
=== RUN   TestWindowPacingServiceCountsSacksOnce
--- PASS: TestWindowPacingServiceCountsSacksOnce (0.00s)
=== RUN   TestWindowPacingSlowerServiceSupersedesFastHistory
--- PASS: TestWindowPacingSlowerServiceSupersedesFastHistory (0.00s)
=== RUN   TestWindowPacingSharedServiceEnvelopeAndCancellation
    transfer_window_pacing_test.go:347: case: rate=125000
    transfer_window_pacing_test.go:347: case: rate=1250000
    transfer_window_pacing_test.go:347: case: rate=12500000
    transfer_window_pacing_test.go:347: case: rate=125000000
--- PASS: TestWindowPacingSharedServiceEnvelopeAndCancellation (0.00s)
=== RUN   TestWindowPacingSharedProbeAndServiceIsolation
--- PASS: TestWindowPacingSharedProbeAndServiceIsolation (0.00s)
=== RUN   TestWindowPacingSharedCompressionUsesAWholeAckInterval
--- PASS: TestWindowPacingSharedCompressionUsesAWholeAckInterval (0.00s)
=== RUN   TestWindowPacingSharedShortTrainAcrossSampleBoundaries
    transfer_window_pacing_test.go:467: case: phase=0/reverse=false
    transfer_window_pacing_test.go:467: case: phase=0/reverse=true
    transfer_window_pacing_test.go:467: case: phase=1/reverse=false
    transfer_window_pacing_test.go:467: case: phase=1/reverse=true
    transfer_window_pacing_test.go:467: case: phase=2/reverse=false
    transfer_window_pacing_test.go:467: case: phase=2/reverse=true
    transfer_window_pacing_test.go:467: case: phase=3/reverse=false
    transfer_window_pacing_test.go:467: case: phase=3/reverse=true
    transfer_window_pacing_test.go:467: case: phase=4/reverse=false
    transfer_window_pacing_test.go:467: case: phase=4/reverse=true
    transfer_window_pacing_test.go:467: case: phase=5/reverse=false
    transfer_window_pacing_test.go:467: case: phase=5/reverse=true
    transfer_window_pacing_test.go:467: case: phase=6/reverse=false
    transfer_window_pacing_test.go:467: case: phase=6/reverse=true
    transfer_window_pacing_test.go:467: case: phase=7/reverse=false
    transfer_window_pacing_test.go:467: case: phase=7/reverse=true
    transfer_window_pacing_test.go:467: case: phase=8/reverse=false
    transfer_window_pacing_test.go:467: case: phase=8/reverse=true
    transfer_window_pacing_test.go:467: case: phase=9/reverse=false
    transfer_window_pacing_test.go:467: case: phase=9/reverse=true
--- PASS: TestWindowPacingSharedShortTrainAcrossSampleBoundaries (0.00s)
=== RUN   TestWindowPacingShortAndCompressedTrainEdges
    transfer_window_pacing_test.go:502: case: immediate-half-millisecond
    transfer_window_pacing_test.go:502: case: compressed-partial-tail
    transfer_window_pacing_test.go:502: case: sparse-slow-service
    transfer_window_pacing_test.go:502: case: different-sized-slow-replies
--- PASS: TestWindowPacingShortAndCompressedTrainEdges (0.00s)
=== RUN   TestWindowPacingProbeNeedsQueueDelayEvidence
--- PASS: TestWindowPacingProbeNeedsQueueDelayEvidence (0.00s)
=== RUN   TestWindowPacingOpeningProbeCoversBoundedCompression
--- PASS: TestWindowPacingOpeningProbeCoversBoundedCompression (0.00s)
=== RUN   TestWindowPacingRetainsServiceUntilFeedbackCanReturn
--- PASS: TestWindowPacingRetainsServiceUntilFeedbackCanReturn (0.00s)
=== RUN   TestWindowPacingBackloggedServiceUsesSustainedDelivery
--- PASS: TestWindowPacingBackloggedServiceUsesSustainedDelivery (0.00s)
=== RUN   TestWindowPacingDrainsAQueueAtEachServiceRate
    transfer_window_pacing_test.go:610: case: rate=125000
    transfer_window_pacing_test.go:610: case: rate=1250000
    transfer_window_pacing_test.go:610: case: rate=12500000
    transfer_window_pacing_test.go:610: case: rate=125000000
--- PASS: TestWindowPacingDrainsAQueueAtEachServiceRate (0.00s)
=== RUN   TestWindowPacingBacklogProbeAndCanceledOwnership
--- PASS: TestWindowPacingBacklogProbeAndCanceledOwnership (0.00s)
=== RUN   TestWindowPacingCreditsTheFirstWireEnvelope
--- PASS: TestWindowPacingCreditsTheFirstWireEnvelope (0.00s)
=== RUN   TestWindowPacingUsesDeliveryBeforeTheConfiguredTarget
--- PASS: TestWindowPacingUsesDeliveryBeforeTheConfiguredTarget (0.00s)
=== RUN   TestWindowPacingServiceMeasurementExcludesWindowIdleAndExpires
--- PASS: TestWindowPacingServiceMeasurementExcludesWindowIdleAndExpires (0.00s)
=== RUN   TestWindowBurstPacingBoundsBusyAndIdleWrites
--- PASS: TestWindowBurstPacingBoundsBusyAndIdleWrites (0.00s)
=== RUN   TestWindowBurstPacingCancellationJoinsWait
--- PASS: TestWindowBurstPacingCancellationJoinsWait (0.00s)
=== RUN   TestWindowBurstPacingRetainsBoundedTimerLateness
--- PASS: TestWindowBurstPacingRetainsBoundedTimerLateness (0.00s)
=== RUN   TestAckCompressionAdvertisementPreservesPresence
--- PASS: TestAckCompressionAdvertisementPreservesPresence (0.00s)
=== RUN   TestWindowTargetIncludesAcknowledgementResidence
--- PASS: TestWindowTargetIncludesAcknowledgementResidence (0.00s)
=== RUN   TestWindowDeliveryIncludesAcknowledgementResidence
--- PASS: TestWindowDeliveryIncludesAcknowledgementResidence (0.00s)
=== RUN   TestDeliveryRateUsesCheckpointTimes
--- PASS: TestDeliveryRateUsesCheckpointTimes (0.00s)
=== RUN   TestDeliveryRateWaitsForWholeHorizon
--- PASS: TestDeliveryRateWaitsForWholeHorizon (0.00s)
=== RUN   TestDeliveryRateHistoryCoversDesignRoundTrip
--- PASS: TestDeliveryRateHistoryCoversDesignRoundTrip (0.00s)
=== RUN   TestWindowDeliveryLargeResidenceDoesNotOverflow
--- PASS: TestWindowDeliveryLargeResidenceDoesNotOverflow (0.00s)
=== RUN   TestWindowPathGapDeadline
--- PASS: TestWindowPathGapDeadline (0.00s)
=== RUN   TestTheWindowHasOneOwner
    transfer_window_single_owner_test.go:143: window consumers: map[DestinationSendStats:true Run:true announceAheadByteCount:true writeMaybeWrappedBytes:true]
--- PASS: TestTheWindowHasOneOwner (0.01s)
=== RUN   TestFamilyStandbyTracksChangingDialEvidence
--- PASS: TestFamilyStandbyTracksChangingDialEvidence (0.00s)
=== RUN   TestTunAckHandoffClassifiesOnlyAcknowledgements
--- PASS: TestTunAckHandoffClassifiesOnlyAcknowledgements (0.00s)
=== RUN   TestTunAckHandoffDoesNotWaitForBusyTcpEndpoint
--- PASS: TestTunAckHandoffDoesNotWaitForBusyTcpEndpoint (0.00s)
PASS
