[env]glog not configured from command line. Using default configuration.
I0915 13:39:56.838892   48817 env.go:770] [env]try /Users/brien/urnetwork/config, [settings.yml]
I0915 13:39:56.840126   48817 env.go:770] [env]try /Users/brien/urnetwork/config/local, [settings.yml]
I0915 13:39:56.840255   48817 env.go:770] [env]try /Users/brien/urnetwork/config/all, [settings.yml]
I0915 13:39:56.842095   48817 env.go:770] [env]try /Users/brien/urnetwork/site, [settings.yml]
I0915 13:39:56.842144   48817 env.go:67] [env]settings = map[]
=== RUN   TestSendPooledReceiveUnreliableRefusesWithOwnership
--- PASS: TestSendPooledReceiveUnreliableRefusesWithOwnership (0.00s)
=== RUN   TestSendPooledReceiveReliableWaitsThenDelivers
--- PASS: TestSendPooledReceiveReliableWaitsThenDelivers (0.00s)
=== RUN   TestSendPooledReceiveReliableCancellationReturnsOwnership
--- PASS: TestSendPooledReceiveReliableCancellationReturnsOwnership (0.00s)
=== RUN   TestReliableExchangeQueueSaturationPreservesFramedOrder
--- PASS: TestReliableExchangeQueueSaturationPreservesFramedOrder (0.00s)
=== RUN   TestExchangeGenerationRetiresAfterAnyUndeliveredFrame
--- PASS: TestExchangeGenerationRetiresAfterAnyUndeliveredFrame (0.00s)
=== RUN   TestResidentTransportReceiveAdmissionUsesExactLane
--- PASS: TestResidentTransportReceiveAdmissionUsesExactLane (0.00s)
=== RUN   TestProductionSocketReadersDeclareExactReceiveLanes
--- PASS: TestProductionSocketReadersDeclareExactReceiveLanes (0.00s)
=== RUN   TestResidentForwardCallbackRetiresFullIngressWithoutWaiting
--- PASS: TestResidentForwardCallbackRetiresFullIngressWithoutWaiting (0.00s)
=== RUN   TestResidentControlCallbackRefusesAndRetiresFullIngressWithoutWaiting
--- PASS: TestResidentControlCallbackRefusesAndRetiresFullIngressWithoutWaiting (0.01s)
=== RUN   TestResidentClientCallbacksContainOnlyZeroWaitIngressWork
--- PASS: TestResidentClientCallbacksContainOnlyZeroWaitIngressWork (0.02s)
=== RUN   TestExchangeOutboundBatchFormation
--- PASS: TestExchangeOutboundBatchFormation (0.00s)
=== RUN   TestResidentAdmitsMinimumMessageLenLimit
--- PASS: TestResidentAdmitsMinimumMessageLenLimit (0.00s)
=== RUN   TestResidentNetworkPeerSendFailureReturnsFrameOwnership
--- PASS: TestResidentNetworkPeerSendFailureReturnsFrameOwnership (0.00s)
=== RUN   TestResidentCloseJoinsDelayedProducer
--- PASS: TestResidentCloseJoinsDelayedProducer (0.00s)
=== RUN   TestResidentForwardIngressStartsLazilyWithStableCapacity
--- PASS: TestResidentForwardIngressStartsLazilyWithStableCapacity (0.00s)
=== RUN   TestResidentForwardIngressWorkerRegistrationIsJoinedByClose
--- PASS: TestResidentForwardIngressWorkerRegistrationIsJoinedByClose (0.00s)
=== RUN   TestResidentCloseAndWaitDrainsLateCallbackOwners
--- PASS: TestResidentCloseAndWaitDrainsLateCallbackOwners (0.00s)
=== RUN   TestExchangeHeaderUnreliableTransferGobCompatibility
--- PASS: TestExchangeHeaderUnreliableTransferGobCompatibility (0.00s)
=== RUN   TestResidentTransportConstructorCarriesTransferProperties
--- PASS: TestResidentTransportConstructorCarriesTransferProperties (0.00s)
=== RUN   TestConnectH1ReadyDrainBalancesAcksAndPayloadBytes
--- PASS: TestConnectH1ReadyDrainBalancesAcksAndPayloadBytes (0.00s)
=== RUN   TestConnectH1UserReadyBatchBoundsDrainAndPreservesFifo
--- PASS: TestConnectH1UserReadyBatchBoundsDrainAndPreservesFifo (0.00s)
=== RUN   TestConnectH1UserReadyBatchUnwrappedFallbackStaysSingleton
--- PASS: TestConnectH1UserReadyBatchUnwrappedFallbackStaysSingleton (0.00s)
=== RUN   TestConnectH1WriteBatchForConnRejectsTypedNil
--- PASS: TestConnectH1WriteBatchForConnRejectsTypedNil (0.00s)
=== RUN   TestConnectH1UserReadyBatchFlushErrorReturnsOwnership
--- PASS: TestConnectH1UserReadyBatchFlushErrorReturnsOwnership (0.00s)
=== RUN   TestConnectH1UserReadyBatchFrameErrorReturnsOwnership
--- PASS: TestConnectH1UserReadyBatchFrameErrorReturnsOwnership (0.00s)
=== RUN   TestConnectH1WorkersJoinHeldReadyBatchOwnership
--- PASS: TestConnectH1WorkersJoinHeldReadyBatchOwnership (0.00s)
=== RUN   TestConnectH1BatchResponseWriterPassesThroughUpgradeWrites
--- PASS: TestConnectH1BatchResponseWriterPassesThroughUpgradeWrites (0.00s)
=== RUN   TestConnectH3InitialDatagramPathByteCountUsesQuicLimit
--- PASS: TestConnectH3InitialDatagramPathByteCountUsesQuicLimit (0.00s)
=== RUN   TestConnectH3TransferCarrierEnablesBoundedAckReserve
--- PASS: TestConnectH3TransferCarrierEnablesBoundedAckReserve (0.00s)
PASS
